
> mintyfit-v2@2.0.0 build
> next build

   Ō¢▓ Next.js 15.5.14
   - Environments: .env.local

   Creating an optimized production build ...
 Ō£ō Compiled successfully in 3.8s
   Skipping linting
   Checking validity of types ...
   Collecting page data ...
   Generating static pages (0/59) ...
   Generating static pages (14/59) 
   Generating static pages (29/59) 
   Generating static pages (44/59) 
 Ō£ō Generating static pages (59/59)
   Finalizing page optimization ...
   Collecting build traces ...

Route (app)                                 Size  First Load JS  Revalidate  Expire
Ōöī ŌŚŗ /                                    9.32 kB         180 kB
Ōö£ ŌŚŗ /_not-found                            234 B         102 kB
Ōö£ ŲÆ /admin                               2.95 kB         165 kB
Ōö£ ŲÆ /admin/approvals                       234 B         102 kB
Ōö£ ŲÆ /admin/audit                           234 B         102 kB
Ōö£ ŲÆ /admin/customers                       516 B         106 kB
Ōö£ ŲÆ /admin/customers/[id]                  172 B         106 kB
Ōö£ ŲÆ /admin/families                        234 B         102 kB
Ōö£ ŲÆ /admin/families/[id]                   172 B         106 kB
Ōö£ ŲÆ /admin/gdpr                            234 B         102 kB
Ōö£ ŲÆ /admin/import-plan                   1.99 kB         104 kB
Ōö£ ŲÆ /admin/nutritionists                   234 B         102 kB
Ōö£ ŲÆ /api/account/family                    234 B         102 kB
Ōö£ ŲÆ /api/account/measurements              234 B         102 kB
Ōö£ ŲÆ /api/admin/import-plan/import          234 B         102 kB
Ōö£ ŲÆ /api/admin/import-plan/parse           234 B         102 kB
Ōö£ ŲÆ /api/avatar/upload                     234 B         102 kB
Ōö£ ŲÆ /api/claude                            234 B         102 kB
Ōö£ ŲÆ /api/family/accept-invite              234 B         102 kB
Ōö£ ŲÆ /api/family/create                     234 B         102 kB
Ōö£ ŲÆ /api/family/invite                     234 B         102 kB
Ōö£ ŲÆ /api/family/managed                    234 B         102 kB
Ōö£ ŲÆ /api/family/members                    234 B         102 kB
Ōö£ ŲÆ /api/gdpr/delete                       234 B         102 kB
Ōö£ ŲÆ /api/gdpr/export                       234 B         102 kB
Ōö£ ŲÆ /api/grok                              234 B         102 kB
Ōö£ ŲÆ /api/ideogram                          234 B         102 kB
Ōö£ ŲÆ /api/menus/apply                       234 B         102 kB
Ōö£ ŲÆ /api/nutritionist/accept-invite        234 B         102 kB
Ōö£ ŲÆ /api/nutritionist/apply                234 B         102 kB
Ōö£ ŲÆ /api/nutritionist/connect              234 B         102 kB
Ōö£ ŲÆ /api/nutritionist/invite               234 B         102 kB
Ōö£ ŲÆ /api/nutritionist/notes                234 B         102 kB
Ōö£ ŲÆ /api/profile                           234 B         102 kB
Ōö£ ŲÆ /api/proxy-image                       234 B         102 kB
Ōö£ ŲÆ /api/recipe/fork                       234 B         102 kB
Ōö£ ŲÆ /api/shopping-list                     234 B         102 kB
Ōö£ ŲÆ /api/shopping-list/count               234 B         102 kB
Ōö£ ŲÆ /api/stripe/checkout                   234 B         102 kB
Ōö£ ŲÆ /api/stripe/portal                     234 B         102 kB
Ōö£ ŲÆ /api/weight                            234 B         102 kB
Ōö£ ŲÆ /auth/callback                         234 B         102 kB
Ōö£ ŲÆ /become-a-nutritionist               4.64 kB         170 kB
Ōö£ ŌŚŗ /blog                                2.26 kB         113 kB          5m      1y
Ōö£ ŲÆ /blog/[slug]                           177 B         111 kB
Ōö£ ŲÆ /blog/[slug]/edit                      134 B         165 kB
Ōö£ ŲÆ /blog/new                              134 B         165 kB
Ōö£ ŲÆ /family-invite/[token]               1.64 kB         107 kB
Ōö£ ŌŚŗ /login                               3.14 kB         165 kB
Ōö£ ŲÆ /menus                               2.37 kB         113 kB
Ōö£ ŲÆ /menus/[slug]                        3.83 kB         115 kB
Ōö£ ŲÆ /my-account                          3.68 kB         109 kB
Ōö£ ŲÆ /my-family                           3.52 kB         106 kB
Ōö£ ŲÆ /nutritionist                         2.1 kB         108 kB
Ōö£ ŲÆ /nutritionist-invite/[token]         4.11 kB         170 kB
Ōö£ ŌŚŗ /onboarding                          9.13 kB         175 kB
Ōö£ ŲÆ /pages/[slug]                          172 B         106 kB
Ōö£ ŲÆ /plan                                12.1 kB         183 kB
Ōö£ ŌŚŗ /pricing                             4.52 kB         170 kB
Ōö£ ŲÆ /recipes                             4.54 kB         175 kB
Ōö£ ŲÆ /recipes/[slug]                      6.86 kB         118 kB
Ōö£ ŌŚŗ /recipes/generate                    11.7 kB         183 kB
Ōö£ ŌŚŗ /robots.txt                            234 B         102 kB
Ōö£ ŲÆ /shopping-list                        3.2 kB         105 kB
Ōö£ ŌŚŗ /sitemap.xml                           234 B         102 kB
Ōöö ŲÆ /statistics                          3.64 kB         109 kB
+ First Load JS shared by all             102 kB
  Ōö£ chunks/1255-aadf393aa3a56bfa.js        46 kB
  Ōö£ chunks/4bd1b696-f785427dddbba9fb.js  54.2 kB
  Ōöö other shared chunks (total)             2 kB


ŲÆ Middleware                             86.4 kB

ŌŚŗ  (Static)   prerendered as static content
ŲÆ  (Dynamic)  server-rendered on demand

